// Jest Snapshot v1, https://goo.gl/fbAQLP

exports[`should render without errors 1`] = `
<div
  style={
    Object {
      "border": "3px solid black",
      "height": "800px",
      "overflow": "scroll",
    }
  }
/>
`;
